==========================================
SLURM_CLUSTER_NAME = paramseva
SLURM_ARRAY_JOB_ID = 
SLURM_ARRAY_TASK_ID = 
SLURM_ARRAY_TASK_COUNT = 
SLURM_ARRAY_TASK_MAX = 
SLURM_ARRAY_TASK_MIN = 
SLURM_JOB_ACCOUNT = co
SLURM_JOB_ID = 319183
SLURM_JOB_NAME = launch.sh
SLURM_JOB_NODELIST = gpu008
SLURM_JOB_USER = co23btech11024.co.iith
SLURM_JOB_UID = 26833
SLURM_JOB_PARTITION = standard
SLURM_TASK_PID = 31043
SLURM_SUBMIT_DIR = /home/co23btech11024.co.iith/fpinns/Vishnu/mini_project_sem7/inv-fpinn/experiments/no_mask/lr_tau_4e-3
SLURM_CPUS_ON_NODE = 1
SLURM_NTASKS = 
SLURM_TASK_PID = 31043
==========================================

For better command line support, copy and paste the folowing,
 which will source the conda setup script:

. /opt/ohpc/pub/Anaconda/anaconda3/etc/profile.d/conda.sh 


Submitted batch job 319184
Submitted batch job 319185
Submitted batch job 319186
sbatch: error: QOSMaxSubmitJobPerUserLimit
sbatch: error: Batch job submission failed: Job violates accounting/QOS policy (job submit limit, user's size and/or time limits)
sbatch: error: QOSMaxSubmitJobPerUserLimit
sbatch: error: Batch job submission failed: Job violates accounting/QOS policy (job submit limit, user's size and/or time limits)
sbatch: error: QOSMaxSubmitJobPerUserLimit
sbatch: error: Batch job submission failed: Job violates accounting/QOS policy (job submit limit, user's size and/or time limits)
